<testsuites id="" name="" tests="16" failures="0" skipped="2" errors="0" time="30.247305">
<testsuite name="global.setup.ts" timestamp="2026-01-20T14:40:22.288Z" hostname="setup" tests="1" failures="0" skipped="0" time="0.842" errors="0">
<testcase name="Global Setup › Verify application is accessible" classname="global.setup.ts" time="0.842">
<system-out>
<![CDATA[✓ Application is accessible
]]>
</system-out>
</testcase>
</testsuite>
<testsuite name="tests/accessibility.spec.ts" timestamp="2026-01-20T14:40:22.288Z" hostname="chrome" tests="1" failures="0" skipped="0" time="2.267" errors="0">
<testcase name="Home page accessibility @a11y › should have no accessibility violations" classname="tests/accessibility.spec.ts" time="2.267">
<system-out>
<![CDATA[assets by path [1m[32m../views/govuk/components/[39m[22m 3.85 MiB 657 assets
assets by path [1m[32massets/[39m[22m 315 KiB 22 assets
assets by path [1m[32m../views/govuk/macros/*.njk[39m[22m 13.1 KiB
  asset [1m[32m../views/govuk/macros/logo.njk[39m[22m 9.4 KiB [1m[32m[emitted][39m[22m [from: node_modules/govuk-frontend/dist/govuk/macros/logo.njk] [1m[32m[copied][39m[22m
  asset [1m[32m../views/govuk/macros/attributes.njk[39m[22m 2.72 KiB [1m[32m[emitted][39m[22m [from: node_modules/govuk-frontend/dist/govuk/macros/attributes.njk] [1m[32m[copied][39m[22m
  asset [1m[32m../views/govuk/macros/i18n.njk[39m[22m 1000 bytes [1m[32m[emitted][39m[22m [from: node_modules/govuk-frontend/dist/govuk/macros/i18n.njk] [1m[32m[copied][39m[22m
assets by chunk 284 KiB (name: main)
  asset [1m[32mmain-dev.css[39m[22m 158 KiB [1m[32m[emitted][39m[22m (name: main)
  asset [1m[32mmain-dev.js[39m[22m 126 KiB [1m[32m[emitted][39m[22m (name: main)
assets by path [1m[32m../views/webpack/*.njk[39m[22m 83 bytes
  asset [1m[32m../views/webpack/css.njk[39m[22m 45 bytes [1m[32m[emitted][39m[22m
  asset [1m[32m../views/webpack/js.njk[39m[22m 38 bytes [1m[32m[emitted][39m[22m
asset [1m[32m../views/govuk/template.njk[39m[22m 3.14 KiB [1m[32m[emitted][39m[22m [from: node_modules/govuk-frontend/dist/govuk/template.njk] [1m[32m[copied][39m[22m
Entrypoint [1mmain[39m[22m 284 KiB = [1m[32mmain-dev.css[39m[22m 158 KiB [1m[32mmain-dev.js[39m[22m 126 KiB
runtime modules 1.86 KiB 9 modules
orphan modules 161 KiB [1m[33m[orphan][39m[22m 3 modules
cacheable modules 108 KiB (javascript) 158 KiB (css/mini-extract)
  modules by path [1m./node_modules/[39m[22m 107 KiB
    [1m./node_modules/govuk-frontend/dist/govuk/all.bundle.js[39m[22m 101 KiB [1m[33m[built][39m[22m [1m[33m[code generated][39m[22m
    [1m./node_modules/style-loader/dist/runtime/injectStylesIntoStyleTag.js[39m[22m 2.42 KiB [1m[33m[built][39m[22m [1m[33m[code generated][39m[22m
    [1m./node_modules/style-loader/dist/runtime/styleDomAPI.js[39m[22m 1.5 KiB [1m[33m[built][39m[22m [1m[33m[code generated][39m[22m
    [1m./node_modules/style-loader/dist/runtime/insertBySelector.js[39m[22m 1000 bytes [1m[33m[built][39m[22m [1m[33m[code generated][39m[22m
    [1m./node_modules/style-loader/dist/runtime/setAttributesWithoutAttributes.js[39m[22m 298 bytes [1m[33m[built][39m[22m [1m[33m[code generated][39m[22m
    + 2 modules
  modules by path [1m./src/main/assets/[39m[22m 1.79 KiB (javascript) 158 KiB (css/mini-extract)
    [1m./src/main/assets/js/index.ts[39m[22m 192 bytes [1m[33m[built][39m[22m [1m[33m[code generated][39m[22m
    [1m./src/main/assets/scss/main.scss[39m[22m 1.57 KiB [1m[33m[built][39m[22m [1m[33m[code generated][39m[22m
    ./node_modules/mini-css-extract-plugin/dist/loader.js??ruleSet[1].rules[0].use[1]!./node_modules/css-loader/dist/cjs.js??ruleSet[1].rules[0].use[2]!./node_modules/sass-loader/dist/cjs.js??ruleSet[1].rules[0].use[3]![1m./src/main/assets/scss/main.scss[39m[22m 39 bytes [1m[33m[built][39m[22m [1m[33m[code generated][39m[22m
    css ./node_modules/css-loader/dist/cjs.js??ruleSet[1].rules[0].use[2]!./node_modules/sass-loader/dist/cjs.js??ruleSet[1].rules[0].use[3]![1m./src/main/assets/scss/main.scss[39m[22m 158 KiB [1m[33m[built][39m[22m [1m[33m[code generated][39m[22m
webpack 5.94.0 compiled [1m[32msuccessfully[39m[22m in 2768 ms
{"component":"axe","generationDurationMs":2,"level":"info","message":"Accessibility consolidated report attached","pages":1,"pagesWithViolations":0,"reportName":"Consolidated Accessibility Report","service":"playwright-common","timestamp":"2026-01-20T14:40:31.254Z"}
]]>
</system-out>
<system-err>
<![CDATA[(node:94646) [DEP0060] DeprecationWarning: The `util._extend` API is deprecated. Please use Object.assign() instead.
(Use `node --trace-deprecation ...` to show where the warning was created)
<i> [webpack-dev-middleware] wait until bundle finished: /
]]>
</system-err>
</testcase>
</testsuite>
<testsuite name="tests/home.spec.ts" timestamp="2026-01-20T14:40:22.288Z" hostname="chrome" tests="4" failures="0" skipped="0" time="3.089" errors="0">
<testcase name="Home Page @smoke › should display the home page" classname="tests/home.spec.ts" time="0.772">
</testcase>
<testcase name="Home Page @smoke › should have correct heading text" classname="tests/home.spec.ts" time="0.767">
</testcase>
<testcase name="Home Page @smoke › should load main content" classname="tests/home.spec.ts" time="0.769">
</testcase>
<testcase name="Home Page @smoke › should have correct page title" classname="tests/home.spec.ts" time="0.781">
</testcase>
</testsuite>
<testsuite name="tests/accessibility.spec.ts" timestamp="2026-01-20T14:40:22.288Z" hostname="firefox" tests="1" failures="0" skipped="1" time="1.244" errors="0">
<testcase name="Home page accessibility @a11y › should have no accessibility violations" classname="tests/accessibility.spec.ts" time="1.244">
<properties>
<property name="skip" value="A11y audit runs in Chrome only.">
</property>
</properties>
<skipped>
</skipped>
</testcase>
</testsuite>
<testsuite name="tests/home.spec.ts" timestamp="2026-01-20T14:40:22.288Z" hostname="firefox" tests="4" failures="0" skipped="0" time="2.869" errors="0">
<testcase name="Home Page @smoke › should display the home page" classname="tests/home.spec.ts" time="0.74">
<system-out>
<![CDATA[assets by path [1m[32m../views/govuk/components/[39m[22m 3.85 MiB 657 assets
assets by path [1m[32massets/[39m[22m 315 KiB 22 assets
assets by path [1m[32m../views/govuk/macros/*.njk[39m[22m 13.1 KiB
  asset [1m[32m../views/govuk/macros/logo.njk[39m[22m 9.4 KiB [1m[32m[emitted][39m[22m [from: node_modules/govuk-frontend/dist/govuk/macros/logo.njk] [1m[32m[copied][39m[22m
  asset [1m[32m../views/govuk/macros/attributes.njk[39m[22m 2.72 KiB [1m[32m[emitted][39m[22m [from: node_modules/govuk-frontend/dist/govuk/macros/attributes.njk] [1m[32m[copied][39m[22m
  asset [1m[32m../views/govuk/macros/i18n.njk[39m[22m 1000 bytes [1m[32m[emitted][39m[22m [from: node_modules/govuk-frontend/dist/govuk/macros/i18n.njk] [1m[32m[copied][39m[22m
assets by chunk 284 KiB (name: main)
  asset [1m[32mmain-dev.css[39m[22m 158 KiB [1m[32m[emitted][39m[22m (name: main)
  asset [1m[32mmain-dev.js[39m[22m 126 KiB [1m[32m[emitted][39m[22m (name: main)
assets by path [1m[32m../views/webpack/*.njk[39m[22m 83 bytes
  asset [1m[32m../views/webpack/css.njk[39m[22m 45 bytes [1m[32m[emitted][39m[22m
  asset [1m[32m../views/webpack/js.njk[39m[22m 38 bytes [1m[32m[emitted][39m[22m
asset [1m[32m../views/govuk/template.njk[39m[22m 3.14 KiB [1m[32m[emitted][39m[22m [from: node_modules/govuk-frontend/dist/govuk/template.njk] [1m[32m[copied][39m[22m
Entrypoint [1mmain[39m[22m 284 KiB = [1m[32mmain-dev.css[39m[22m 158 KiB [1m[32mmain-dev.js[39m[22m 126 KiB
runtime modules 1.86 KiB 9 modules
orphan modules 161 KiB [1m[33m[orphan][39m[22m 3 modules
cacheable modules 108 KiB (javascript) 158 KiB (css/mini-extract)
  modules by path [1m./node_modules/[39m[22m 107 KiB
    [1m./node_modules/govuk-frontend/dist/govuk/all.bundle.js[39m[22m 101 KiB [1m[33m[built][39m[22m [1m[33m[code generated][39m[22m
    [1m./node_modules/style-loader/dist/runtime/injectStylesIntoStyleTag.js[39m[22m 2.42 KiB [1m[33m[built][39m[22m [1m[33m[code generated][39m[22m
    [1m./node_modules/style-loader/dist/runtime/styleDomAPI.js[39m[22m 1.5 KiB [1m[33m[built][39m[22m [1m[33m[code generated][39m[22m
    [1m./node_modules/style-loader/dist/runtime/insertBySelector.js[39m[22m 1000 bytes [1m[33m[built][39m[22m [1m[33m[code generated][39m[22m
    [1m./node_modules/style-loader/dist/runtime/setAttributesWithoutAttributes.js[39m[22m 298 bytes [1m[33m[built][39m[22m [1m[33m[code generated][39m[22m
    + 2 modules
  modules by path [1m./src/main/assets/[39m[22m 1.79 KiB (javascript) 158 KiB (css/mini-extract)
    [1m./src/main/assets/js/index.ts[39m[22m 192 bytes [1m[33m[built][39m[22m [1m[33m[code generated][39m[22m
    [1m./src/main/assets/scss/main.scss[39m[22m 1.57 KiB [1m[33m[built][39m[22m [1m[33m[code generated][39m[22m
    ./node_modules/mini-css-extract-plugin/dist/loader.js??ruleSet[1].rules[0].use[1]!./node_modules/css-loader/dist/cjs.js??ruleSet[1].rules[0].use[2]!./node_modules/sass-loader/dist/cjs.js??ruleSet[1].rules[0].use[3]![1m./src/main/assets/scss/main.scss[39m[22m 39 bytes [1m[33m[built][39m[22m [1m[33m[code generated][39m[22m
    css ./node_modules/css-loader/dist/cjs.js??ruleSet[1].rules[0].use[2]!./node_modules/sass-loader/dist/cjs.js??ruleSet[1].rules[0].use[3]![1m./src/main/assets/scss/main.scss[39m[22m 158 KiB [1m[33m[built][39m[22m [1m[33m[code generated][39m[22m
webpack 5.94.0 compiled [1m[32msuccessfully[39m[22m in 2900 ms
]]>
</system-out>
</testcase>
<testcase name="Home Page @smoke › should have correct heading text" classname="tests/home.spec.ts" time="0.708">
</testcase>
<testcase name="Home Page @smoke › should load main content" classname="tests/home.spec.ts" time="0.712">
</testcase>
<testcase name="Home Page @smoke › should have correct page title" classname="tests/home.spec.ts" time="0.709">
</testcase>
</testsuite>
<testsuite name="tests/accessibility.spec.ts" timestamp="2026-01-20T14:40:22.288Z" hostname="webkit" tests="1" failures="0" skipped="1" time="2.463" errors="0">
<testcase name="Home page accessibility @a11y › should have no accessibility violations" classname="tests/accessibility.spec.ts" time="2.463">
<properties>
<property name="skip" value="A11y audit runs in Chrome only.">
</property>
</properties>
<skipped>
</skipped>
</testcase>
</testsuite>
<testsuite name="tests/home.spec.ts" timestamp="2026-01-20T14:40:22.288Z" hostname="webkit" tests="4" failures="0" skipped="0" time="3.337" errors="0">
<testcase name="Home Page @smoke › should display the home page" classname="tests/home.spec.ts" time="0.882">
<system-out>
<![CDATA[assets by path [1m[32m../views/govuk/components/[39m[22m 3.85 MiB 657 assets
assets by path [1m[32massets/[39m[22m 315 KiB 22 assets
assets by path [1m[32m../views/govuk/macros/*.njk[39m[22m 13.1 KiB
  asset [1m[32m../views/govuk/macros/logo.njk[39m[22m 9.4 KiB [1m[32m[emitted][39m[22m [from: node_modules/govuk-frontend/dist/govuk/macros/logo.njk] [1m[32m[copied][39m[22m
  asset [1m[32m../views/govuk/macros/attributes.njk[39m[22m 2.72 KiB [1m[32m[emitted][39m[22m [from: node_modules/govuk-frontend/dist/govuk/macros/attributes.njk] [1m[32m[copied][39m[22m
  asset [1m[32m../views/govuk/macros/i18n.njk[39m[22m 1000 bytes [1m[32m[emitted][39m[22m [from: node_modules/govuk-frontend/dist/govuk/macros/i18n.njk] [1m[32m[copied][39m[22m
assets by chunk 284 KiB (name: main)
  asset [1m[32mmain-dev.css[39m[22m 158 KiB [1m[32m[emitted][39m[22m (name: main)
  asset [1m[32mmain-dev.js[39m[22m 126 KiB [1m[32m[emitted][39m[22m (name: main)
assets by path [1m[32m../views/webpack/*.njk[39m[22m 83 bytes
  asset [1m[32m../views/webpack/css.njk[39m[22m 45 bytes [1m[32m[emitted][39m[22m
  asset [1m[32m../views/webpack/js.njk[39m[22m 38 bytes [1m[32m[emitted][39m[22m
asset [1m[32m../views/govuk/template.njk[39m[22m 3.14 KiB [1m[32m[emitted][39m[22m [from: node_modules/govuk-frontend/dist/govuk/template.njk] [1m[32m[copied][39m[22m
Entrypoint [1mmain[39m[22m 284 KiB = [1m[32mmain-dev.css[39m[22m 158 KiB [1m[32mmain-dev.js[39m[22m 126 KiB
runtime modules 1.86 KiB 9 modules
orphan modules 161 KiB [1m[33m[orphan][39m[22m 3 modules
cacheable modules 108 KiB (javascript) 158 KiB (css/mini-extract)
  modules by path [1m./node_modules/[39m[22m 107 KiB
    [1m./node_modules/govuk-frontend/dist/govuk/all.bundle.js[39m[22m 101 KiB [1m[33m[built][39m[22m [1m[33m[code generated][39m[22m
    [1m./node_modules/style-loader/dist/runtime/injectStylesIntoStyleTag.js[39m[22m 2.42 KiB [1m[33m[built][39m[22m [1m[33m[code generated][39m[22m
    [1m./node_modules/style-loader/dist/runtime/styleDomAPI.js[39m[22m 1.5 KiB [1m[33m[built][39m[22m [1m[33m[code generated][39m[22m
    [1m./node_modules/style-loader/dist/runtime/insertBySelector.js[39m[22m 1000 bytes [1m[33m[built][39m[22m [1m[33m[code generated][39m[22m
    [1m./node_modules/style-loader/dist/runtime/setAttributesWithoutAttributes.js[39m[22m 298 bytes [1m[33m[built][39m[22m [1m[33m[code generated][39m[22m
    + 2 modules
  modules by path [1m./src/main/assets/[39m[22m 1.79 KiB (javascript) 158 KiB (css/mini-extract)
    [1m./src/main/assets/js/index.ts[39m[22m 192 bytes [1m[33m[built][39m[22m [1m[33m[code generated][39m[22m
    [1m./src/main/assets/scss/main.scss[39m[22m 1.57 KiB [1m[33m[built][39m[22m [1m[33m[code generated][39m[22m
    ./node_modules/mini-css-extract-plugin/dist/loader.js??ruleSet[1].rules[0].use[1]!./node_modules/css-loader/dist/cjs.js??ruleSet[1].rules[0].use[2]!./node_modules/sass-loader/dist/cjs.js??ruleSet[1].rules[0].use[3]![1m./src/main/assets/scss/main.scss[39m[22m 39 bytes [1m[33m[built][39m[22m [1m[33m[code generated][39m[22m
    css ./node_modules/css-loader/dist/cjs.js??ruleSet[1].rules[0].use[2]!./node_modules/sass-loader/dist/cjs.js??ruleSet[1].rules[0].use[3]![1m./src/main/assets/scss/main.scss[39m[22m 158 KiB [1m[33m[built][39m[22m [1m[33m[code generated][39m[22m
webpack 5.94.0 compiled [1m[32msuccessfully[39m[22m in 2797 ms
]]>
</system-out>
</testcase>
<testcase name="Home Page @smoke › should have correct heading text" classname="tests/home.spec.ts" time="0.816">
</testcase>
<testcase name="Home Page @smoke › should load main content" classname="tests/home.spec.ts" time="0.833">
</testcase>
<testcase name="Home Page @smoke › should have correct page title" classname="tests/home.spec.ts" time="0.806">
</testcase>
</testsuite>
</testsuites>